<?xml version="1.0" encoding="utf-8"?><testsuites name="pytest tests"><testsuite name="pytest" errors="0" failures="0" skipped="0" tests="3" time="0.453" timestamp="2026-05-10T09:36:20.618888+00:00" hostname="368a5757ea1a"><testcase classname="backend.tests.test_ecu" name="test_ecu_temp_is_safe" time="0.018" /><testcase classname="backend.tests.test_ecu" name="test_ecu_status_valid" time="0.023" /><testcase classname="backend.tests.test_ecu" name="test_api_reports_sensor_error_when_broken" time="0.067" /></testsuite></testsuites>